[?7h[40m[2J[0;34mÜÜ[11C[1;30mÜÜ    [0m°[30;47m²[2C[1;40mÜ[8CÜ[12C²ÜÜ[17CÜ² °±²ÜÜÜ   °Ü
 [34;44mÞ[40mÛ[44mÜ[0;34mÜ[5C[1;30mþ ß  Ý [0;34m°°[1m°[44mÞ[1C[30;40m²ßßßßßßßßß ßßßßßßßßßßß    ßßßßßßßßßßßßßßßßßß[7CßßßßÛ²
 [34m°Û[36mÛÛ[34;44mÜ[0;34mÜ[6C[1;30mÜß[0;34mÜ[1;44mÜÛÛÛÞ[30;40m°Ý[51C%  °±
[36;47mß[1C[34;40m²ÛÛÛÛ[44mÜ[0;34mÜ[1;30mßÛ[47m²[40mß[0;34mÜ[1;44mÛÛ[36;40mÛ[34;44mÛÛ[40m²[44mÞ[57C[30;40m²
[47m²[1C[34;40m±[44m²²²[40mÛß[44mßÛ[40mÜÜ[44mÛß[40mß[44mÛ²²²[40m±[0;34mÞ[1;30m°þúÄÄÄÄÄÄÄÄÄÄÄÄÄÄÄÄÄÄÄÄÄÄÄÄÄÄÄÄÄÄÄÄÄÄÄÄÄÄÄÄÄÄÄÄÄ Äú    °²Û
ß [0;34mÛ[1;44m°°°[0;34mÛ  ß[1;44mßß[0;34mß  Û[1;44m°°°[0;34mÛ[54C[1;30m%  °²
[0;34m°°²ÛÛÛÛ [1;30;44m²[40mÜÜÜÜ² [0;34mÛÛÛÛÛ [1;30m±Ý[55C²
ÜÜþ [0;34mßß² [1;30m±  °°²ÜÜÜÜÜÜÜ²ÜÜÜÜÜÜÜÜÜÜÜ² ÜÜÜÜÜÜÜÜÜÜÜÜÜÜÜÜÜÜ  ÜÜÜÜÜÜÜÜ  Ü  ÜÜÜÜÜÜÜ Ü²Û
[8C° m[0mUTIL v[5C[1;30mÜß[11Cß[17Cßß[9C°  ß[10C°
  [0;34m°[15C[1;30mß ÜÜß

  Þ [37mProcess [30mÄÄÄÄÄÄÄÄÄÄÄÄÄÄÄÄÄ Ä [37mStatus [30mÄÄÄÄÄÄÄÄÄÄÄÄÄÄÄÄÄÄÄÄÄÄÄÄÄ [37mResult [30mÄÄÄÄú
  ÚÄÄÄÄÄÄÄÄÄÄÄÄÄÄÄÄÄÄÄÄÄÄÄÄÄÄÄ³ÄÄÄÄÄÄÄÄÄÄÄÄÄÄÄÄÄÄÄÄÄÄÄÄÄÄÄÄÄÄÄÄ³ÄÄÄÄÄÄÄÄÄÄÄÄ¿







  ÀÄÄÄÄÄÄÄÄÄÄÄÄÄÄÄÄÄÄÄÄÄÄÄÄÄÄÄÄÄÄÄÄÄÄÄÄÄÄÄÄÄÄÄÄÄÄÄÄÄÄÄÄÄÄÄÄÄÄÄÄÄÄÄÄÄÄÄÄÄÄÄÄÄÙ

[0m[255D