[40m[2J[1C[0;32mÜ[1;30;42mÜ[0;30;42mÜÜÜÜÜÜ  ÜÜÜ°[32;40m²[42m    [30mÜÜÜÜÜÜ   ÜÜÜÜÜ ÜÜ  ÜÜÜÜ     ÜÜÜ ÜÜÜÜÜÜ   ÜÜÜÜÜ ÜÜ  ÜÜÜÜ  [32;40mÜ
Þ[30;42mM  ÜÜ ßÛÛ°ÞÛ°       Þ²ÛÝ  °Ûß  ÞÛ°ÞÛ  ÞÛ[1;32;40m°[42m      [0;30;42m±ÛÝ  ÞÛÛÝ  [1;32;40m°[0;30;42mÛß  ÞÛ°ÞÛ  ÞÛ±°gj![32;40mÝ
[42m [30mY  ÞÛ  ÞÛÝÞÛ  ÜÜ    Û[1mÝ[0;30;42mÞÛ  ÞÛ   Þ²°ÞÛ  ÞÛÝ   ÜÜ °ÛÝ  ÛÝÞÛ  ÞÛ   ÞÛ°ÞÛ  ÞÛ[1mÝ    [0;32m²
[42m [30mS  ÞÛ ÜÛß ÞÛ  °ÛÛÜ ÞÛ  ÛÝ ÞÛ   ÞÛ ÞÛ ÜÛß  ÜÛÛ   ÛÝ ÞÛ  ÛÝ ÞÛ   ÞÛ ÞÛ ÜÛß     °[40m
[42m T  ÞÛ  ßÛÜ Û   ÛÝ± ÛÝ  ÞÛ ÞÛ   ß  ÞÛ  ßÛÜ  ÞÛ  °ÛÝ ÛÝ  ÞÛ ÞÛ°  ß  ÞÛ  ßÛÜ    °[40m
[42m I  Þ²[1;32;40m°[42m  [30mÞ[1C[0;30;42mÝÞÜ  ÛÝ ÞÛ ßßßÛÝ[1;32;40m°[0;30;42mÛ[1mÝ  [0;30;42mÞÜ ÞÛ°  [1mÞ[0;30;42mÛÝ ÞÛ  ÜÛÝÞÛ±ßßßÛÝ±ÛÝ  ÞÜ Þ²   ÞÛ[1mÝ   [0;30;42m°[40m
[42m C ßÞÛßßßßß ßßßßÛÝßßßß  ßßßßßßßßßßßßßß  ßßß ÞÛ²ßßßßßßß  ßßßßßßßßßßßßßß  ßßß   °[40m
[42m     [1m°         [0;30;42mßßßß                        ßßßß                               °[40m
[42m  [1;32mÉÄÄÄÄÄÄÄÄËÄÄÄÄÄÄÄÄËÄÄÄÄÄÄÄÄËÄÄÄÄÄÄÄÄËÄÄÄÄÄÄÄÄ»  [0;42mÉÄÄÄÄÄÄÄÄÄÄÄÄÄÄÄÄÄÄÄÄÄÄÄÄÄÄ» [40m
[42m  [1;32m³ [6C[30mÝ[32m³ [6C[30mÝ[32m³ [6C[30mÝ[32m³ [6C[30mÝ[32m³ [6C[30mÝ[32m³  [0;42m³[32;40m²±° [37mDealer[32m:[12C°±²[37;42m³[30m°[40m
[42m  [1;32m³ [6C[30mÝ[32m³ [6C[30mÝ[32m³ [6C[30mÝ[32m³ [6C[30mÝ[32m³ [6C[30mÝ[32m³  [0;42mÈÄÄÄÄÄÄÄÄÄÄÄÄÄÄÄÄÄÄÄÄÄÄÄÄÄÄ¼[32;40mÛ
[42m  [1m³ [6C[30mÝ[32m³ [6C[30mÝ[32m³ [6C[30mÝ[32m³ [6C[30mÝ[32m³ [6C[30mÝ[32m³  [0;32mÛÛß[23CßÛÛ
[42m  [1mÈÄÄÄÄÄÄÄÄÊÄÄÄÄÄÄÄÄÊÄÄÄÄÄÄÄÄÊÄÄÄÄÄÄÄÄÊÄÄÄÄÄÄÄÄ¼  [0;32mÛÝ[25CÞÛ
[42m                                                  [40mÛÝ[25CÞÛ
[42m [40mÛ[30;42m°°°°°°°°°°°°°°°°°°°°°°°°°°°°°°°°°°°°°°°°°°°°°°[32;40mÛ[42m [40mÛÛÜ[23CÜÛÛ
[42m [30m°[1;46mÉÄÄÄÄÄÄÄÄËÄÄÄÄÄÄÄÄËÄÄÄÄÄÄÄÄËÄÄÄÄÄÄÄÄËÄÄÄÄÄÄÄÄ»[0;30;42m° [37mÉÄÄÄÄÄÄÄÄÄÄÄÄÄÄÄÄÄÄÄÄÄÄÄÄÄÄ»[32;40mÛ
[42m [30m°[1;46m³[0;36mÛ[6C[1;30;46mÝ³[0;36mÛ[6C[1;30;46mÝ³[0;36mÛ[6C[1;30;46mÝ³[0;36mÛ[6C[1;30;46mÝ³[0;36mÛ[6C[1;30;46mÝ³[0;30;42m° [37m³[32;40m²±°    [37mYou[32m:[12C°±²[37;42m³[30m°[40m
[42m °[1;46m³[0;36mÛ[6C[1;30;46mÝ³[0;36mÛ[6C[1;30;46mÝ³[0;36mÛ[6C[1;30;46mÝ³[0;36mÛ[6C[1;30;46mÝ³[0;36mÛ[6C[1;30;46mÝ³[0;30;42m° [37mÌÍÄÄÄÄÄÄÄÄÄÄÄÄÄÄÄÄÄÄÄÄÄÄÄÄÍ¹[30m°[40m
[42m °[1;46m³[0;36mÛ[6C[1;30;46mÝ³[0;36mÛ[6C[1;30;46mÝ³[0;36mÛ[6C[1;30;46mÝ³[0;36mÛ[6C[1;30;46mÝ³[0;36mÛ[6C[1;30;46mÝ³[0;30;42m° [37m³[32;44m²±°  [1mCash $            [0;32;44m°±²[37;42m³[30m°[40m
[42m °[1;46mÈÄÄÄÄÄÄÄÄÊÄÄÄÄÄÄÄÄÊÄÄÄÄÄÄÄÄÊÄÄÄÄÄÄÄÄÊÄÄÄÄÄÄÄÄ¼[0;30;42m° [37m³[32;44m²±° [1;33mWager :            [0;32;44m°±²[37;42m³[30m°[40m
[32mÞÛ[30;42m°°°°°°°°°°°°°°°°°°°°°°°°°°°°°°°°°°°°°°°°°°°°°°[32;40mÛÛ[37;42mÈÄÄÄÄÄÄÄÄÄÄÄÄÄÄÄÄÄÄÄÄÄÄÄÄÄÄ¼[32;40mÝ
 ß[42m                                                                           [40mß[0m
